------------------------------------------------------------
Timing Analyzer Summary
------------------------------------------------------------

Type  : Slow 1200mV 85C Model Setup 'clk'
Slack : -110.621
TNS   : -5814.863

Type  : Slow 1200mV 85C Model Setup 'ADC_ins0|ADC_ins|ADC_Conversion_ins|u0|altpll_sys|sd1|pll7|clk[0]'
Slack : 32.559
TNS   : 0.000

Type  : Slow 1200mV 85C Model Hold 'clk'
Slack : 0.325
TNS   : 0.000

Type  : Slow 1200mV 85C Model Hold 'ADC_ins0|ADC_ins|ADC_Conversion_ins|u0|altpll_sys|sd1|pll7|clk[0]'
Slack : 0.429
TNS   : 0.000

Type  : Slow 1200mV 85C Model Recovery 'clk'
Slack : 18.055
TNS   : 0.000

Type  : Slow 1200mV 85C Model Recovery 'ADC_ins0|ADC_ins|ADC_Conversion_ins|u0|altpll_sys|sd1|pll7|clk[0]'
Slack : 37.844
TNS   : 0.000

Type  : Slow 1200mV 85C Model Removal 'ADC_ins0|ADC_ins|ADC_Conversion_ins|u0|altpll_sys|sd1|pll7|clk[0]'
Slack : 0.979
TNS   : 0.000

Type  : Slow 1200mV 85C Model Removal 'clk'
Slack : 1.145
TNS   : 0.000

Type  : Slow 1200mV 85C Model Minimum Pulse Width 'clk'
Slack : 9.554
TNS   : 0.000

Type  : Slow 1200mV 85C Model Minimum Pulse Width 'ADC_ins0|ADC_ins|ADC_Conversion_ins|u0|altpll_sys|sd1|pll7|clk[0]'
Slack : 19.764
TNS   : 0.000

Type  : Slow 1200mV 85C Model Minimum Pulse Width 'ADC_ins0|ADC_ins|ADC_Conversion_ins|u0|altpll_sys|sd1|pll7|clk[1]'
Slack : 244.375
TNS   : 0.000

Type  : Slow 1200mV 0C Model Setup 'clk'
Slack : -98.471
TNS   : -5164.859

Type  : Slow 1200mV 0C Model Setup 'ADC_ins0|ADC_ins|ADC_Conversion_ins|u0|altpll_sys|sd1|pll7|clk[0]'
Slack : 33.153
TNS   : 0.000

Type  : Slow 1200mV 0C Model Hold 'clk'
Slack : 0.295
TNS   : 0.000

Type  : Slow 1200mV 0C Model Hold 'ADC_ins0|ADC_ins|ADC_Conversion_ins|u0|altpll_sys|sd1|pll7|clk[0]'
Slack : 0.355
TNS   : 0.000

Type  : Slow 1200mV 0C Model Recovery 'clk'
Slack : 18.220
TNS   : 0.000

Type  : Slow 1200mV 0C Model Recovery 'ADC_ins0|ADC_ins|ADC_Conversion_ins|u0|altpll_sys|sd1|pll7|clk[0]'
Slack : 37.999
TNS   : 0.000

Type  : Slow 1200mV 0C Model Removal 'ADC_ins0|ADC_ins|ADC_Conversion_ins|u0|altpll_sys|sd1|pll7|clk[0]'
Slack : 0.868
TNS   : 0.000

Type  : Slow 1200mV 0C Model Removal 'clk'
Slack : 1.052
TNS   : 0.000

Type  : Slow 1200mV 0C Model Minimum Pulse Width 'clk'
Slack : 9.577
TNS   : 0.000

Type  : Slow 1200mV 0C Model Minimum Pulse Width 'ADC_ins0|ADC_ins|ADC_Conversion_ins|u0|altpll_sys|sd1|pll7|clk[0]'
Slack : 19.720
TNS   : 0.000

Type  : Slow 1200mV 0C Model Minimum Pulse Width 'ADC_ins0|ADC_ins|ADC_Conversion_ins|u0|altpll_sys|sd1|pll7|clk[1]'
Slack : 244.379
TNS   : 0.000

Type  : Fast 1200mV 0C Model Setup 'clk'
Slack : -42.990
TNS   : -2227.253

Type  : Fast 1200mV 0C Model Setup 'ADC_ins0|ADC_ins|ADC_Conversion_ins|u0|altpll_sys|sd1|pll7|clk[0]'
Slack : 36.158
TNS   : 0.000

Type  : Fast 1200mV 0C Model Hold 'clk'
Slack : 0.148
TNS   : 0.000

Type  : Fast 1200mV 0C Model Hold 'ADC_ins0|ADC_ins|ADC_Conversion_ins|u0|altpll_sys|sd1|pll7|clk[0]'
Slack : 0.211
TNS   : 0.000

Type  : Fast 1200mV 0C Model Recovery 'clk'
Slack : 19.023
TNS   : 0.000

Type  : Fast 1200mV 0C Model Recovery 'ADC_ins0|ADC_ins|ADC_Conversion_ins|u0|altpll_sys|sd1|pll7|clk[0]'
Slack : 38.921
TNS   : 0.000

Type  : Fast 1200mV 0C Model Removal 'ADC_ins0|ADC_ins|ADC_Conversion_ins|u0|altpll_sys|sd1|pll7|clk[0]'
Slack : 0.467
TNS   : 0.000

Type  : Fast 1200mV 0C Model Removal 'clk'
Slack : 0.534
TNS   : 0.000

Type  : Fast 1200mV 0C Model Minimum Pulse Width 'clk'
Slack : 9.301
TNS   : 0.000

Type  : Fast 1200mV 0C Model Minimum Pulse Width 'ADC_ins0|ADC_ins|ADC_Conversion_ins|u0|altpll_sys|sd1|pll7|clk[0]'
Slack : 19.772
TNS   : 0.000

Type  : Fast 1200mV 0C Model Minimum Pulse Width 'ADC_ins0|ADC_ins|ADC_Conversion_ins|u0|altpll_sys|sd1|pll7|clk[1]'
Slack : 244.903
TNS   : 0.000

------------------------------------------------------------
